// Jest Snapshot v1, https://goo.gl/fbAQLP

exports[`Behavior Show render snapshot 1`] = `
<View
  style={
    Array [
      Object {
        "flexBasis": 0,
        "flexGrow": 1,
        "flexShrink": 1,
      },
    ]
  }
>
  <View
    style={
      Array [
        Object {
          "alignItems": "center",
          "flexBasis": 0,
          "flexGrow": 1,
          "flexShrink": 1,
          "justifyContent": "center",
        },
      ]
    }
  >
    <ActivityIndicator
      animating={true}
      color="#2D4379"
      hidesWhenStopped={true}
      size="large"
    />
  </View>
</View>
`;
