// Jest Snapshot v1, https://goo.gl/fbAQLP

exports[`Behavior Home render snapshot 1`] = `
<View
  style={
    Array [
      Object {
        "flexBasis": 0,
        "flexGrow": 1,
        "flexShrink": 1,
        "paddingBottom": 0,
        "paddingLeft": 30,
        "paddingRight": 30,
        "paddingTop": 0,
      },
    ]
  }
>
  <View
    style={
      Array [
        Object {
          "alignItems": "center",
          "flexDirection": "row",
          "height": 140,
          "justifyContent": "space-between",
          "width": "100%",
        },
      ]
    }
  >
    <View>
      <Text
        style={
          Array [
            Object {
              "color": "#2d4379",
              "fontFamily": "Poppins-Regular",
              "fontSize": 18,
              "lineHeight": 24,
              "marginBottom": 8,
            },
          ]
        }
      >
        Ol√°, Alexandre!
      </Text>
      <Text
        style={
          Array [
            Object {
              "color": "#0d253c",
              "fontFamily": "Poppins-SemiBold",
              "fontSize": 24,
              "fontWeight": "800",
              "lineHeight": 33,
            },
          ]
        }
      >
        Bem-vindo(a)
      </Text>
    </View>
    <View
      accessible={true}
      focusable={true}
      onClick={[Function]}
      onResponderGrant={[Function]}
      onResponderMove={[Function]}
      onResponderRelease={[Function]}
      onResponderTerminate={[Function]}
      onResponderTerminationRequest={[Function]}
      onStartShouldSetResponder={[Function]}
      style={
        Object {
          "alignItems": "center",
          "borderRadius": 50,
          "height": 48,
          "justifyContent": "center",
          "marginTop": -32,
          "opacity": 1,
          "width": 48,
        }
      }
    >
      <Image
        source={
          Object {
            "testUri": "../../../src/assets/Vector.png",
          }
        }
      />
    </View>
  </View>
  <View
    accessible={true}
    focusable={true}
    onClick={[Function]}
    onResponderGrant={[Function]}
    onResponderMove={[Function]}
    onResponderRelease={[Function]}
    onResponderTerminate={[Function]}
    onResponderTerminationRequest={[Function]}
    onStartShouldSetResponder={[Function]}
    style={
      Object {
        "alignItems": "center",
        "borderColor": "#f3f3f3",
        "borderRadius": 25,
        "borderWidth": 1,
        "flexDirection": "row",
        "height": 50,
        "marginTop": -8,
        "opacity": 1,
        "paddingBottom": 0,
        "paddingLeft": 16,
        "paddingRight": 16,
        "paddingTop": 0,
        "width": "100%",
      }
    }
  >
    <Image
      source={
        Object {
          "testUri": "../../../src/assets/search.png",
        }
      }
    />
    <View
      style={
        Array [
          Object {
            "width": "90%",
          },
        ]
      }
    >
      <TextInput
        allowFontScaling={true}
        onChangeText={[Function]}
        placeholder="Buscar por nome"
        placeholderTextColor="#A4A4B2"
        rejectResponderTermination={true}
        style={
          Array [
            Object {
              "color": "#a4a4b2",
              "fontFamily": "Poppins-Regular",
              "marginLeft": 8,
              "marginTop": 4,
            },
          ]
        }
        underlineColorAndroid="transparent"
      />
    </View>
  </View>
  <RCTSafeAreaView
    emulateUnlessSupported={true}
    style={
      Array [
        Object {
          "flexBasis": 0,
          "flexGrow": 1,
          "flexShrink": 1,
          "marginTop": 24,
        },
      ]
    }
  >
    <RCTScrollView
      data={
        Array [
          Object {},
        ]
      }
      disableVirtualization={false}
      getItem={[Function]}
      getItemCount={[Function]}
      horizontal={false}
      initialNumToRender={10}
      keyExtractor={[Function]}
      maxToRenderPerBatch={10}
      onContentSizeChange={[Function]}
      onEndReachedThreshold={2}
      onLayout={[Function]}
      onMomentumScrollEnd={[Function]}
      onScroll={[Function]}
      onScrollBeginDrag={[Function]}
      onScrollEndDrag={[Function]}
      removeClippedSubviews={false}
      renderItem={[Function]}
      scrollEventThrottle={50}
      stickyHeaderIndices={Array []}
      updateCellsBatchingPeriod={50}
      viewabilityConfigCallbackPairs={Array []}
      windowSize={21}
    >
      <View>
        <View
          onLayout={[Function]}
          style={null}
        >
          <View
            accessible={true}
            focusable={true}
            onClick={[Function]}
            onResponderGrant={[Function]}
            onResponderMove={[Function]}
            onResponderRelease={[Function]}
            onResponderTerminate={[Function]}
            onResponderTerminationRequest={[Function]}
            onStartShouldSetResponder={[Function]}
            style={
              Object {
                "borderRadius": 8,
                "height": 162,
                "marginBottom": 32,
                "opacity": 1,
                "width": "100%",
              }
            }
          >
            <Image
              source={
                Object {
                  "uri": "https://empresas.ioasys.com.br/undefined",
                }
              }
              style={
                Array [
                  Object {
                    "borderRadius": 8,
                    "height": 162,
                    "position": "absolute",
                    "width": "100%",
                    "zIndex": 2,
                  },
                ]
              }
            />
            <View
              style={
                Array [
                  Object {
                    "backgroundColor": "rgba(0, 0, 0, 0.4)",
                    "borderRadius": 8,
                    "height": 162,
                    "paddingBottom": 16,
                    "paddingLeft": 16,
                    "paddingRight": 16,
                    "paddingTop": 16,
                    "position": "absolute",
                    "width": "100%",
                    "zIndex": 3,
                  },
                ]
              }
            >
              <Text
                style={
                  Array [
                    Object {
                      "color": "#ffffff",
                      "fontFamily": "Poppins-SemiBold",
                      "fontSize": 18,
                      "zIndex": 5,
                    },
                  ]
                }
              />
              <View
                style={
                  Array [
                    Object {
                      "height": 80,
                    },
                  ]
                }
              >
                <Text
                  numberOfLines={4}
                  style={
                    Array [
                      Object {
                        "color": "#ffffff",
                        "fontFamily": "Poppins-SemiBold",
                        "fontSize": 14,
                        "zIndex": 5,
                      },
                    ]
                  }
                />
              </View>
            </View>
          </View>
        </View>
      </View>
    </RCTScrollView>
  </RCTSafeAreaView>
</View>
`;
