// Jest Snapshot v1, https://goo.gl/fbAQLP

exports[`Behavior Button should render button 1`] = `null`;
